Eduardo@LAPTOP-NISRJC9M MINGW64 ~/Desktop/Repositorios de Git (master)
$ git init
Reinitialized existing Git repository in C:/Users/eduar/Desktop/Repositorios de Git/.git/

Eduardo@LAPTOP-NISRJC9M MINGW64 ~/Desktop/Repositorios de Git (master)
$ ls
FireManTeam/

Eduardo@LAPTOP-NISRJC9M MINGW64 ~/Desktop/Repositorios de Git (master)
$ add .
bash: add: command not found

Eduardo@LAPTOP-NISRJC9M MINGW64 ~/Desktop/Repositorios de Git (master)
$ add .
bash: add: command not found

Eduardo@LAPTOP-NISRJC9M MINGW64 ~/Desktop/Repositorios de Git (master)
$ git add .
warning: adding embedded git repository: FireManTeam
hint: You've added another git repository inside your current repository.
hint: Clones of the outer repository will not contain the contents of
hint: the embedded repository and will not know how to obtain it.
hint: If you meant to add a submodule, use:
hint:
hint:   git submodule add <url> FireManTeam
hint:
hint: If you added this path by mistake, you can remove it from the
hint: index with:
hint:
hint:   git rm --cached FireManTeam
hint:
hint: See "git help submodule" for more information.

Eduardo@LAPTOP-NISRJC9M MINGW64 ~/Desktop/Repositorios de Git (master)
$ git add .

Eduardo@LAPTOP-NISRJC9M MINGW64 ~/Desktop/Repositorios de Git (master)
$ git commit -m orale
[master (root-commit) 545183a] orale
 1 file changed, 14 insertions(+)
 create mode 100644 NOTAS.TXT

Eduardo@LAPTOP-NISRJC9M MINGW64 ~/Desktop/Repositorios de Git (master)
$ git log
commit 545183a53a26cf9582c1a3ef6cc9befb31e23b17 (HEAD -> master)
Author: Edgar <a.eperez@itstequila.edu.mx>
Date:   Tue Jun 4 12:42:33 2019 -0500

    orale
Eduardo@LAPTOP-NISRJC9M MINGW64 ~/Desktop/Repositorios de Git (master)
$ git status
On branch master
Changes not staged for commit:
  (use "git add <file>..." to update what will be committed)
  (use "git checkout -- <file>..." to discard changes in working directory)

        modified:   NOTAS.TXT

no changes added to commit (use "git add" and/or "git commit -a")

Eduardo@LAPTOP-NISRJC9M MINGW64 ~/Desktop/Repositorios de Git (master)
$ git add .

Eduardo@LAPTOP-NISRJC9M MINGW64 ~/Desktop/Repositorios de Git (master)
$ git commit -m disque hice un nuevo commit
error: pathspec 'hice' did not match any file(s) known to git
error: pathspec 'un' did not match any file(s) known to git
error: pathspec 'nuevo' did not match any file(s) known to git
error: pathspec 'commit' did not match any file(s) known to git

Eduardo@LAPTOP-NISRJC9M MINGW64 ~/Desktop/Repositorios de Git (master)
$ git commit -m "disque hice un nuevo commit"
[master 7aba8f9] disque hice un nuevo commit
 1 file changed, 4 insertions(+), 1 deletion(-)

Eduardo@LAPTOP-NISRJC9M MINGW64 ~/Desktop/Repositorios de Git (master)
$ git log
commit 7aba8f9462872937c985478896ac10f8538b8518 (HEAD -> master)
Author: Edgar <a.eperez@itstequila.edu.mx>
Date:   Tue Jun 4 12:49:14 2019 -0500

    disque hice un nuevo commit

commit 545183a53a26cf9582c1a3ef6cc9befb31e23b17
Author: Edgar <a.eperez@itstequila.edu.mx>
Date:   Tue Jun 4 12:42:33 2019 -0500

    orale
Eduardo@LAPTOP-NISRJC9M MINGW64 ~/Desktop/Repositorios de Git (master)
