Eduardo@LAPTOP-NISRJC9M MINGW64 ~/Desktop/Repositorios de Git (master)
$ git init
Reinitialized existing Git repository in C:/Users/eduar/Desktop/Repositorios de Git/.git/

Eduardo@LAPTOP-NISRJC9M MINGW64 ~/Desktop/Repositorios de Git (master)
$ ls
FireManTeam/

Eduardo@LAPTOP-NISRJC9M MINGW64 ~/Desktop/Repositorios de Git (master)
$ add .
bash: add: command not found

Eduardo@LAPTOP-NISRJC9M MINGW64 ~/Desktop/Repositorios de Git (master)
$ add .
bash: add: command not found

Eduardo@LAPTOP-NISRJC9M MINGW64 ~/Desktop/Repositorios de Git (master)
$ git add .
warning: adding embedded git repository: FireManTeam
hint: You've added another git repository inside your current repository.
hint: Clones of the outer repository will not contain the contents of
hint: the embedded repository and will not know how to obtain it.
hint: If you meant to add a submodule, use:
hint:
hint:   git submodule add <url> FireManTeam
hint:
hint: If you added this path by mistake, you can remove it from the
hint: index with:
hint:
hint:   git rm --cached FireManTeam
hint:
hint: See "git help submodule" for more information.

Eduardo@LAPTOP-NISRJC9M MINGW64 ~/Desktop/Repositorios de Git (master)
$ git add .

Eduardo@LAPTOP-NISRJC9M MINGW64 ~/Desktop/Repositorios de Git (master)
$ git commit -m orale
[master (root-commit) 545183a] orale
 1 file changed, 14 insertions(+)
 create mode 100644 NOTAS.TXT

Eduardo@LAPTOP-NISRJC9M MINGW64 ~/Desktop/Repositorios de Git (master)
$ git log
commit 545183a53a26cf9582c1a3ef6cc9befb31e23b17 (HEAD -> master)
Author: Edgar <a.eperez@itstequila.edu.mx>
Date:   Tue Jun 4 12:42:33 2019 -0500

    orale

Eduardo@LAPTOP-NISRJC9M MINGW64 ~/Desktop/Repositorios de Git (master)
$ git status
On branch master
Changes not staged for commit:
  (use "git add <file>..." to update what will be committed)
  (use "git checkout -- <file>..." to discard changes in working directory)

        modified:   NOTAS.TXT

no changes added to commit (use "git add" and/or "git commit -a")

Eduardo@LAPTOP-NISRJC9M MINGW64 ~/Desktop/Repositorios de Git (master)
$ git add .

Eduardo@LAPTOP-NISRJC9M MINGW64 ~/Desktop/Repositorios de Git (master)
$ git commit -m disque hice un nuevo commit
error: pathspec 'hice' did not match any file(s) known to git
error: pathspec 'un' did not match any file(s) known to git
error: pathspec 'nuevo' did not match any file(s) known to git
error: pathspec 'commit' did not match any file(s) known to git

Eduardo@LAPTOP-NISRJC9M MINGW64 ~/Desktop/Repositorios de Git (master)
$ git commit -m "disque hice un nuevo commit"
[master 7aba8f9] disque hice un nuevo commit
 1 file changed, 4 insertions(+), 1 deletion(-)

Eduardo@LAPTOP-NISRJC9M MINGW64 ~/Desktop/Repositorios de Git (master)
$ git log
commit 7aba8f9462872937c985478896ac10f8538b8518 (HEAD -> master)
Author: Edgar <a.eperez@itstequila.edu.mx>
Date:   Tue Jun 4 12:49:14 2019 -0500

    disque hice un nuevo commit

commit 545183a53a26cf9582c1a3ef6cc9befb31e23b17
Author: Edgar <a.eperez@itstequila.edu.mx>
Date:   Tue Jun 4 12:42:33 2019 -0500

    orale
Eduardo@LAPTOP-NISRJC9M MINGW64 ~/Desktop/Repositorios de Git (master)
$ git remote add origin https://github.com/Lampard98/PracticaGit.git

Eduardo@LAPTOP-NISRJC9M MINGW64 ~/Desktop/Repositorios de Git (master)
$ git push -u origin master
Enumerating objects: 26, done.
Counting objects: 100% (26/26), done.
Delta compression using up to 4 threads
Compressing objects: 100% (19/19), done.
Writing objects: 100% (26/26), 3.41 KiB | 249.00 KiB/s, done.
Total 26 (delta 3), reused 0 (delta 0)
remote: Resolving deltas: 100% (3/3), done.
To https://github.com/Lampard98/PracticaGit.git
 * [new branch]      master -> master
Branch 'master' set up to track remote branch 'master' from 'origin'.

Eduardo@LAPTOP-NISRJC9M MINGW64 ~/Desktop/Repositorios de Git (master)
$ ssh-keygen
Generating public/private rsa key pair.
Enter file in which to save the key (/c/Users/eduar/.ssh/id_rsa):
Created directory '/c/Users/eduar/.ssh'.
Enter passphrase (empty for no passphrase):
Enter same passphrase again:
Your identification has been saved in /c/Users/eduar/.ssh/id_rsa.
Your public key has been saved in /c/Users/eduar/.ssh/id_rsa.pub.
The key fingerprint is:
SHA256:4Jt7V4PSmMqpyhMkmLgr9bzcJ5rtcJrR+GV1fOIfa2o Eduardo@LAPTOP-NISRJC9M
The key's randomart image is:
+---[RSA 2048]----+
|                 |
|                 |
|o.    .          |
|= .  . .   .     |
| +    . S+..+ .  |
|. o  o o+.oooo   |
| o ++.=oo. ....  |
|o...o@=+o . E..o |
|. ooO=*+ . ..oo  |
+----[SHA256]-----+

Eduardo@LAPTOP-NISRJC9M MINGW64 ~/Desktop/Repositorios de Git (master)
$ cat ~/.ssh/id_rsa.pub
ssh-rsa AAAAB3NzaC1yc2EAAAADAQABAAABAQC3Wzu94b3NHhL6GVoP5uO1ChgGKWnEZdFRGxJQPy6ZtODCeAZh+lgv6FjIDpAmf7u1IxtR3NC1kYdnWvDF9tzIsmZPcD+6RFPwGhYXxQhj90spM0/hcX7gtrmjroy4VXF6tYTqWPR6pFCF+iOmlJ4/ue65uhoAsML3DE4d3GgEtF9J1nedhdEaM/zJsZj+WCJSKGIKKN1XTfQRAjJW5cnclifQT3hzWEa9Gw5z+k7umk0OdsPIcb0pCn+itjPRH5xfIRlGU2Bs8QBhmStgQzsKnF7ZZPVGXkGsgHoHSwYTxpLhisKuD2jWh5d/QF+FkAhqsGRHu+j9LEOJde5vBkwv Eduardo@LAPTOP-NISRJC9M

